2026-09-26 22:56:13.157708: I tensorflow/core/util/port.cc:153] oneDNN custom operations are on. You may see slightly different numerical results due to floating-point round-off errors from different computation orders. To turn them off, set the environment variable `TF_ENABLE_ONEDNN_OPTS=0`.
2026-09-26 22:56:17.344555: I tensorflow/core/util/port.cc:153] oneDNN custom operations are on. You may see slightly different numerical results due to floating-point round-off errors from different computation orders. To turn them off, set the environment variable `TF_ENABLE_ONEDNN_OPTS=0`.
INFO: Created TensorFlow Lite XNNPACK delegate for CPU.
WARNING: All log messages before absl::InitializeLog() is called are written to STDERR
W0000 00:00:1790443587.883515   28224 inference_feedback_manager.cc:114] Feedback manager requires a model with a single signature inference. Disabling support for feedback tensors.
W0000 00:00:1790443587.922438    8668 inference_feedback_manager.cc:114] Feedback manager requires a model with a single signature inference. Disabling support for feedback tensors.
2026-09-26 22:56:29.152348: I tensorflow/core/platform/cpu_feature_guard.cc:210] This TensorFlow binary is optimized to use available CPU instructions in performance-critical operations.
To enable the following instructions: SSE3 SSE4.1 SSE4.2 AVX AVX2 AVX512F AVX512_VNNI FMA, in other operations, rebuild TensorFlow with the appropriate compiler flags.
D:\Emolearn-lab\backend\venv\lib\site-packages\google\protobuf\symbol_database.py:55: UserWarning: SymbolDatabase.GetPrototype() is deprecated. Please use message_factory.GetMessageClass() instead. SymbolDatabase.GetPrototype() will be removed soon.
  warnings.warn('SymbolDatabase.GetPrototype() is deprecated. Please '
D:\Emolearn-lab\backend\venv\lib\site-packages\keras\src\models\functional.py:241: UserWarning: The structure of `inputs` doesn't match the expected structure.
Expected: ['keras_tensor']
Received: inputs=Tensor(shape=(1, 224, 224, 3))
  warnings.warn(msg)
D:\Emolearn-lab\backend\venv\lib\site-packages\google\protobuf\symbol_database.py:55: UserWarning: SymbolDatabase.GetPrototype() is deprecated. Please use message_factory.GetMessageClass() instead. SymbolDatabase.GetPrototype() will be removed soon.
  warnings.warn('SymbolDatabase.GetPrototype() is deprecated. Please '
D:\Emolearn-lab\backend\venv\lib\site-packages\keras\src\models\functional.py:241: UserWarning: The structure of `inputs` doesn't match the expected structure.
Expected: ['keras_tensor']
Received: inputs=Tensor(shape=(1, 224, 224, 3))
  warnings.warn(msg)
D:\Emolearn-lab\backend\venv\lib\site-packages\google\protobuf\symbol_database.py:55: UserWarning: SymbolDatabase.GetPrototype() is deprecated. Please use message_factory.GetMessageClass() instead. SymbolDatabase.GetPrototype() will be removed soon.
  warnings.warn('SymbolDatabase.GetPrototype() is deprecated. Please '
D:\Emolearn-lab\backend\venv\lib\site-packages\keras\src\models\functional.py:241: UserWarning: The structure of `inputs` doesn't match the expected structure.
Expected: ['keras_tensor']
Received: inputs=Tensor(shape=(1, 224, 224, 3))
  warnings.warn(msg)
D:\Emolearn-lab\backend\venv\lib\site-packages\google\protobuf\symbol_database.py:55: UserWarning: SymbolDatabase.GetPrototype() is deprecated. Please use message_factory.GetMessageClass() instead. SymbolDatabase.GetPrototype() will be removed soon.
  warnings.warn('SymbolDatabase.GetPrototype() is deprecated. Please '
D:\Emolearn-lab\backend\venv\lib\site-packages\keras\src\models\functional.py:241: UserWarning: The structure of `inputs` doesn't match the expected structure.
Expected: ['keras_tensor']
Received: inputs=Tensor(shape=(1, 224, 224, 3))
  warnings.warn(msg)
D:\Emolearn-lab\backend\venv\lib\site-packages\google\protobuf\symbol_database.py:55: UserWarning: SymbolDatabase.GetPrototype() is deprecated. Please use message_factory.GetMessageClass() instead. SymbolDatabase.GetPrototype() will be removed soon.
  warnings.warn('SymbolDatabase.GetPrototype() is deprecated. Please '
D:\Emolearn-lab\backend\venv\lib\site-packages\keras\src\models\functional.py:241: UserWarning: The structure of `inputs` doesn't match the expected structure.
Expected: ['keras_tensor']
Received: inputs=Tensor(shape=(1, 224, 224, 3))
  warnings.warn(msg)
D:\Emolearn-lab\backend\venv\lib\site-packages\google\protobuf\symbol_database.py:55: UserWarning: SymbolDatabase.GetPrototype() is deprecated. Please use message_factory.GetMessageClass() instead. SymbolDatabase.GetPrototype() will be removed soon.
  warnings.warn('SymbolDatabase.GetPrototype() is deprecated. Please '
D:\Emolearn-lab\backend\venv\lib\site-packages\keras\src\models\functional.py:241: UserWarning: The structure of `inputs` doesn't match the expected structure.
Expected: ['keras_tensor']
Received: inputs=Tensor(shape=(1, 224, 224, 3))
  warnings.warn(msg)
D:\Emolearn-lab\backend\venv\lib\site-packages\google\protobuf\symbol_database.py:55: UserWarning: SymbolDatabase.GetPrototype() is deprecated. Please use message_factory.GetMessageClass() instead. SymbolDatabase.GetPrototype() will be removed soon.
  warnings.warn('SymbolDatabase.GetPrototype() is deprecated. Please '
D:\Emolearn-lab\backend\venv\lib\site-packages\keras\src\models\functional.py:241: UserWarning: The structure of `inputs` doesn't match the expected structure.
Expected: ['keras_tensor']
Received: inputs=Tensor(shape=(1, 224, 224, 3))
  warnings.warn(msg)
D:\Emolearn-lab\backend\venv\lib\site-packages\google\protobuf\symbol_database.py:55: UserWarning: SymbolDatabase.GetPrototype() is deprecated. Please use message_factory.GetMessageClass() instead. SymbolDatabase.GetPrototype() will be removed soon.
  warnings.warn('SymbolDatabase.GetPrototype() is deprecated. Please '
D:\Emolearn-lab\backend\venv\lib\site-packages\keras\src\models\functional.py:241: UserWarning: The structure of `inputs` doesn't match the expected structure.
Expected: ['keras_tensor']
Received: inputs=Tensor(shape=(1, 224, 224, 3))
  warnings.warn(msg)
D:\Emolearn-lab\backend\venv\lib\site-packages\google\protobuf\symbol_database.py:55: UserWarning: SymbolDatabase.GetPrototype() is deprecated. Please use message_factory.GetMessageClass() instead. SymbolDatabase.GetPrototype() will be removed soon.
  warnings.warn('SymbolDatabase.GetPrototype() is deprecated. Please '
D:\Emolearn-lab\backend\venv\lib\site-packages\keras\src\models\functional.py:241: UserWarning: The structure of `inputs` doesn't match the expected structure.
Expected: ['keras_tensor']
Received: inputs=Tensor(shape=(1, 224, 224, 3))
  warnings.warn(msg)
D:\Emolearn-lab\backend\venv\lib\site-packages\google\protobuf\symbol_database.py:55: UserWarning: SymbolDatabase.GetPrototype() is deprecated. Please use message_factory.GetMessageClass() instead. SymbolDatabase.GetPrototype() will be removed soon.
  warnings.warn('SymbolDatabase.GetPrototype() is deprecated. Please '
D:\Emolearn-lab\backend\venv\lib\site-packages\keras\src\models\functional.py:241: UserWarning: The structure of `inputs` doesn't match the expected structure.
Expected: ['keras_tensor']
Received: inputs=Tensor(shape=(1, 224, 224, 3))
  warnings.warn(msg)
D:\Emolearn-lab\backend\venv\lib\site-packages\google\protobuf\symbol_database.py:55: UserWarning: SymbolDatabase.GetPrototype() is deprecated. Please use message_factory.GetMessageClass() instead. SymbolDatabase.GetPrototype() will be removed soon.
  warnings.warn('SymbolDatabase.GetPrototype() is deprecated. Please '
D:\Emolearn-lab\backend\venv\lib\site-packages\keras\src\models\functional.py:241: UserWarning: The structure of `inputs` doesn't match the expected structure.
Expected: ['keras_tensor']
Received: inputs=Tensor(shape=(1, 224, 224, 3))
  warnings.warn(msg)
D:\Emolearn-lab\backend\venv\lib\site-packages\google\protobuf\symbol_database.py:55: UserWarning: SymbolDatabase.GetPrototype() is deprecated. Please use message_factory.GetMessageClass() instead. SymbolDatabase.GetPrototype() will be removed soon.
  warnings.warn('SymbolDatabase.GetPrototype() is deprecated. Please '
D:\Emolearn-lab\backend\venv\lib\site-packages\keras\src\models\functional.py:241: UserWarning: The structure of `inputs` doesn't match the expected structure.
Expected: ['keras_tensor']
Received: inputs=Tensor(shape=(1, 224, 224, 3))
  warnings.warn(msg)
D:\Emolearn-lab\backend\venv\lib\site-packages\google\protobuf\symbol_database.py:55: UserWarning: SymbolDatabase.GetPrototype() is deprecated. Please use message_factory.GetMessageClass() instead. SymbolDatabase.GetPrototype() will be removed soon.
  warnings.warn('SymbolDatabase.GetPrototype() is deprecated. Please '
D:\Emolearn-lab\backend\venv\lib\site-packages\keras\src\models\functional.py:241: UserWarning: The structure of `inputs` doesn't match the expected structure.
Expected: ['keras_tensor']
Received: inputs=Tensor(shape=(1, 224, 224, 3))
  warnings.warn(msg)
D:\Emolearn-lab\backend\venv\lib\site-packages\google\protobuf\symbol_database.py:55: UserWarning: SymbolDatabase.GetPrototype() is deprecated. Please use message_factory.GetMessageClass() instead. SymbolDatabase.GetPrototype() will be removed soon.
  warnings.warn('SymbolDatabase.GetPrototype() is deprecated. Please '
D:\Emolearn-lab\backend\venv\lib\site-packages\keras\src\models\functional.py:241: UserWarning: The structure of `inputs` doesn't match the expected structure.
Expected: ['keras_tensor']
Received: inputs=Tensor(shape=(1, 224, 224, 3))
  warnings.warn(msg)
D:\Emolearn-lab\backend\venv\lib\site-packages\google\protobuf\symbol_database.py:55: UserWarning: SymbolDatabase.GetPrototype() is deprecated. Please use message_factory.GetMessageClass() instead. SymbolDatabase.GetPrototype() will be removed soon.
  warnings.warn('SymbolDatabase.GetPrototype() is deprecated. Please '
D:\Emolearn-lab\backend\venv\lib\site-packages\keras\src\models\functional.py:241: UserWarning: The structure of `inputs` doesn't match the expected structure.
Expected: ['keras_tensor']
Received: inputs=Tensor(shape=(1, 224, 224, 3))
  warnings.warn(msg)
D:\Emolearn-lab\backend\venv\lib\site-packages\google\protobuf\symbol_database.py:55: UserWarning: SymbolDatabase.GetPrototype() is deprecated. Please use message_factory.GetMessageClass() instead. SymbolDatabase.GetPrototype() will be removed soon.
  warnings.warn('SymbolDatabase.GetPrototype() is deprecated. Please '
D:\Emolearn-lab\backend\venv\lib\site-packages\keras\src\models\functional.py:241: UserWarning: The structure of `inputs` doesn't match the expected structure.
Expected: ['keras_tensor']
Received: inputs=Tensor(shape=(1, 224, 224, 3))
  warnings.warn(msg)
D:\Emolearn-lab\backend\venv\lib\site-packages\google\protobuf\symbol_database.py:55: UserWarning: SymbolDatabase.GetPrototype() is deprecated. Please use message_factory.GetMessageClass() instead. SymbolDatabase.GetPrototype() will be removed soon.
  warnings.warn('SymbolDatabase.GetPrototype() is deprecated. Please '
D:\Emolearn-lab\backend\venv\lib\site-packages\keras\src\models\functional.py:241: UserWarning: The structure of `inputs` doesn't match the expected structure.
Expected: ['keras_tensor']
Received: inputs=Tensor(shape=(1, 224, 224, 3))
  warnings.warn(msg)
D:\Emolearn-lab\backend\venv\lib\site-packages\google\protobuf\symbol_database.py:55: UserWarning: SymbolDatabase.GetPrototype() is deprecated. Please use message_factory.GetMessageClass() instead. SymbolDatabase.GetPrototype() will be removed soon.
  warnings.warn('SymbolDatabase.GetPrototype() is deprecated. Please '
D:\Emolearn-lab\backend\venv\lib\site-packages\keras\src\models\functional.py:241: UserWarning: The structure of `inputs` doesn't match the expected structure.
Expected: ['keras_tensor']
Received: inputs=Tensor(shape=(1, 224, 224, 3))
  warnings.warn(msg)
D:\Emolearn-lab\backend\venv\lib\site-packages\google\protobuf\symbol_database.py:55: UserWarning: SymbolDatabase.GetPrototype() is deprecated. Please use message_factory.GetMessageClass() instead. SymbolDatabase.GetPrototype() will be removed soon.
  warnings.warn('SymbolDatabase.GetPrototype() is deprecated. Please '
D:\Emolearn-lab\backend\venv\lib\site-packages\keras\src\models\functional.py:241: UserWarning: The structure of `inputs` doesn't match the expected structure.
Expected: ['keras_tensor']
Received: inputs=Tensor(shape=(1, 224, 224, 3))
  warnings.warn(msg)
D:\Emolearn-lab\backend\venv\lib\site-packages\google\protobuf\symbol_database.py:55: UserWarning: SymbolDatabase.GetPrototype() is deprecated. Please use message_factory.GetMessageClass() instead. SymbolDatabase.GetPrototype() will be removed soon.
  warnings.warn('SymbolDatabase.GetPrototype() is deprecated. Please '
D:\Emolearn-lab\backend\venv\lib\site-packages\keras\src\models\functional.py:241: UserWarning: The structure of `inputs` doesn't match the expected structure.
Expected: ['keras_tensor']
Received: inputs=Tensor(shape=(1, 224, 224, 3))
  warnings.warn(msg)
D:\Emolearn-lab\backend\venv\lib\site-packages\google\protobuf\symbol_database.py:55: UserWarning: SymbolDatabase.GetPrototype() is deprecated. Please use message_factory.GetMessageClass() instead. SymbolDatabase.GetPrototype() will be removed soon.
  warnings.warn('SymbolDatabase.GetPrototype() is deprecated. Please '
D:\Emolearn-lab\backend\venv\lib\site-packages\keras\src\models\functional.py:241: UserWarning: The structure of `inputs` doesn't match the expected structure.
Expected: ['keras_tensor']
Received: inputs=Tensor(shape=(1, 224, 224, 3))
  warnings.warn(msg)
D:\Emolearn-lab\backend\venv\lib\site-packages\google\protobuf\symbol_database.py:55: UserWarning: SymbolDatabase.GetPrototype() is deprecated. Please use message_factory.GetMessageClass() instead. SymbolDatabase.GetPrototype() will be removed soon.
  warnings.warn('SymbolDatabase.GetPrototype() is deprecated. Please '
D:\Emolearn-lab\backend\venv\lib\site-packages\keras\src\models\functional.py:241: UserWarning: The structure of `inputs` doesn't match the expected structure.
Expected: ['keras_tensor']
Received: inputs=Tensor(shape=(1, 224, 224, 3))
  warnings.warn(msg)
D:\Emolearn-lab\backend\venv\lib\site-packages\google\protobuf\symbol_database.py:55: UserWarning: SymbolDatabase.GetPrototype() is deprecated. Please use message_factory.GetMessageClass() instead. SymbolDatabase.GetPrototype() will be removed soon.
  warnings.warn('SymbolDatabase.GetPrototype() is deprecated. Please '
D:\Emolearn-lab\backend\venv\lib\site-packages\keras\src\models\functional.py:241: UserWarning: The structure of `inputs` doesn't match the expected structure.
Expected: ['keras_tensor']
Received: inputs=Tensor(shape=(1, 224, 224, 3))
  warnings.warn(msg)
D:\Emolearn-lab\backend\venv\lib\site-packages\google\protobuf\symbol_database.py:55: UserWarning: SymbolDatabase.GetPrototype() is deprecated. Please use message_factory.GetMessageClass() instead. SymbolDatabase.GetPrototype() will be removed soon.
  warnings.warn('SymbolDatabase.GetPrototype() is deprecated. Please '
D:\Emolearn-lab\backend\venv\lib\site-packages\keras\src\models\functional.py:241: UserWarning: The structure of `inputs` doesn't match the expected structure.
Expected: ['keras_tensor']
Received: inputs=Tensor(shape=(1, 224, 224, 3))
  warnings.warn(msg)
D:\Emolearn-lab\backend\venv\lib\site-packages\google\protobuf\symbol_database.py:55: UserWarning: SymbolDatabase.GetPrototype() is deprecated. Please use message_factory.GetMessageClass() instead. SymbolDatabase.GetPrototype() will be removed soon.
  warnings.warn('SymbolDatabase.GetPrototype() is deprecated. Please '
D:\Emolearn-lab\backend\venv\lib\site-packages\keras\src\models\functional.py:241: UserWarning: The structure of `inputs` doesn't match the expected structure.
Expected: ['keras_tensor']
Received: inputs=Tensor(shape=(1, 224, 224, 3))
  warnings.warn(msg)
D:\Emolearn-lab\backend\venv\lib\site-packages\google\protobuf\symbol_database.py:55: UserWarning: SymbolDatabase.GetPrototype() is deprecated. Please use message_factory.GetMessageClass() instead. SymbolDatabase.GetPrototype() will be removed soon.
  warnings.warn('SymbolDatabase.GetPrototype() is deprecated. Please '
D:\Emolearn-lab\backend\venv\lib\site-packages\keras\src\models\functional.py:241: UserWarning: The structure of `inputs` doesn't match the expected structure.
Expected: ['keras_tensor']
Received: inputs=Tensor(shape=(1, 224, 224, 3))
  warnings.warn(msg)
D:\Emolearn-lab\backend\venv\lib\site-packages\google\protobuf\symbol_database.py:55: UserWarning: SymbolDatabase.GetPrototype() is deprecated. Please use message_factory.GetMessageClass() instead. SymbolDatabase.GetPrototype() will be removed soon.
  warnings.warn('SymbolDatabase.GetPrototype() is deprecated. Please '
D:\Emolearn-lab\backend\venv\lib\site-packages\keras\src\models\functional.py:241: UserWarning: The structure of `inputs` doesn't match the expected structure.
Expected: ['keras_tensor']
Received: inputs=Tensor(shape=(1, 224, 224, 3))
  warnings.warn(msg)
D:\Emolearn-lab\backend\venv\lib\site-packages\google\protobuf\symbol_database.py:55: UserWarning: SymbolDatabase.GetPrototype() is deprecated. Please use message_factory.GetMessageClass() instead. SymbolDatabase.GetPrototype() will be removed soon.
  warnings.warn('SymbolDatabase.GetPrototype() is deprecated. Please '
D:\Emolearn-lab\backend\venv\lib\site-packages\keras\src\models\functional.py:241: UserWarning: The structure of `inputs` doesn't match the expected structure.
Expected: ['keras_tensor']
Received: inputs=Tensor(shape=(1, 224, 224, 3))
  warnings.warn(msg)
D:\Emolearn-lab\backend\venv\lib\site-packages\google\protobuf\symbol_database.py:55: UserWarning: SymbolDatabase.GetPrototype() is deprecated. Please use message_factory.GetMessageClass() instead. SymbolDatabase.GetPrototype() will be removed soon.
  warnings.warn('SymbolDatabase.GetPrototype() is deprecated. Please '
D:\Emolearn-lab\backend\venv\lib\site-packages\keras\src\models\functional.py:241: UserWarning: The structure of `inputs` doesn't match the expected structure.
Expected: ['keras_tensor']
Received: inputs=Tensor(shape=(1, 224, 224, 3))
  warnings.warn(msg)
D:\Emolearn-lab\backend\venv\lib\site-packages\google\protobuf\symbol_database.py:55: UserWarning: SymbolDatabase.GetPrototype() is deprecated. Please use message_factory.GetMessageClass() instead. SymbolDatabase.GetPrototype() will be removed soon.
  warnings.warn('SymbolDatabase.GetPrototype() is deprecated. Please '
D:\Emolearn-lab\backend\venv\lib\site-packages\keras\src\models\functional.py:241: UserWarning: The structure of `inputs` doesn't match the expected structure.
Expected: ['keras_tensor']
Received: inputs=Tensor(shape=(1, 224, 224, 3))
  warnings.warn(msg)
D:\Emolearn-lab\backend\venv\lib\site-packages\google\protobuf\symbol_database.py:55: UserWarning: SymbolDatabase.GetPrototype() is deprecated. Please use message_factory.GetMessageClass() instead. SymbolDatabase.GetPrototype() will be removed soon.
  warnings.warn('SymbolDatabase.GetPrototype() is deprecated. Please '
D:\Emolearn-lab\backend\venv\lib\site-packages\keras\src\models\functional.py:241: UserWarning: The structure of `inputs` doesn't match the expected structure.
Expected: ['keras_tensor']
Received: inputs=Tensor(shape=(1, 224, 224, 3))
  warnings.warn(msg)
D:\Emolearn-lab\backend\venv\lib\site-packages\google\protobuf\symbol_database.py:55: UserWarning: SymbolDatabase.GetPrototype() is deprecated. Please use message_factory.GetMessageClass() instead. SymbolDatabase.GetPrototype() will be removed soon.
  warnings.warn('SymbolDatabase.GetPrototype() is deprecated. Please '
D:\Emolearn-lab\backend\venv\lib\site-packages\keras\src\models\functional.py:241: UserWarning: The structure of `inputs` doesn't match the expected structure.
Expected: ['keras_tensor']
Received: inputs=Tensor(shape=(1, 224, 224, 3))
  warnings.warn(msg)
D:\Emolearn-lab\backend\venv\lib\site-packages\google\protobuf\symbol_database.py:55: UserWarning: SymbolDatabase.GetPrototype() is deprecated. Please use message_factory.GetMessageClass() instead. SymbolDatabase.GetPrototype() will be removed soon.
  warnings.warn('SymbolDatabase.GetPrototype() is deprecated. Please '
D:\Emolearn-lab\backend\venv\lib\site-packages\keras\src\models\functional.py:241: UserWarning: The structure of `inputs` doesn't match the expected structure.
Expected: ['keras_tensor']
Received: inputs=Tensor(shape=(1, 224, 224, 3))
  warnings.warn(msg)
D:\Emolearn-lab\backend\venv\lib\site-packages\google\protobuf\symbol_database.py:55: UserWarning: SymbolDatabase.GetPrototype() is deprecated. Please use message_factory.GetMessageClass() instead. SymbolDatabase.GetPrototype() will be removed soon.
  warnings.warn('SymbolDatabase.GetPrototype() is deprecated. Please '
D:\Emolearn-lab\backend\venv\lib\site-packages\keras\src\models\functional.py:241: UserWarning: The structure of `inputs` doesn't match the expected structure.
Expected: ['keras_tensor']
Received: inputs=Tensor(shape=(1, 224, 224, 3))
  warnings.warn(msg)
D:\Emolearn-lab\backend\venv\lib\site-packages\google\protobuf\symbol_database.py:55: UserWarning: SymbolDatabase.GetPrototype() is deprecated. Please use message_factory.GetMessageClass() instead. SymbolDatabase.GetPrototype() will be removed soon.
  warnings.warn('SymbolDatabase.GetPrototype() is deprecated. Please '
D:\Emolearn-lab\backend\venv\lib\site-packages\keras\src\models\functional.py:241: UserWarning: The structure of `inputs` doesn't match the expected structure.
Expected: ['keras_tensor']
Received: inputs=Tensor(shape=(1, 224, 224, 3))
  warnings.warn(msg)
D:\Emolearn-lab\backend\venv\lib\site-packages\google\protobuf\symbol_database.py:55: UserWarning: SymbolDatabase.GetPrototype() is deprecated. Please use message_factory.GetMessageClass() instead. SymbolDatabase.GetPrototype() will be removed soon.
  warnings.warn('SymbolDatabase.GetPrototype() is deprecated. Please '
D:\Emolearn-lab\backend\venv\lib\site-packages\keras\src\models\functional.py:241: UserWarning: The structure of `inputs` doesn't match the expected structure.
Expected: ['keras_tensor']
Received: inputs=Tensor(shape=(1, 224, 224, 3))
  warnings.warn(msg)
D:\Emolearn-lab\backend\venv\lib\site-packages\google\protobuf\symbol_database.py:55: UserWarning: SymbolDatabase.GetPrototype() is deprecated. Please use message_factory.GetMessageClass() instead. SymbolDatabase.GetPrototype() will be removed soon.
  warnings.warn('SymbolDatabase.GetPrototype() is deprecated. Please '
D:\Emolearn-lab\backend\venv\lib\site-packages\keras\src\models\functional.py:241: UserWarning: The structure of `inputs` doesn't match the expected structure.
Expected: ['keras_tensor']
Received: inputs=Tensor(shape=(1, 224, 224, 3))
  warnings.warn(msg)
D:\Emolearn-lab\backend\venv\lib\site-packages\google\protobuf\symbol_database.py:55: UserWarning: SymbolDatabase.GetPrototype() is deprecated. Please use message_factory.GetMessageClass() instead. SymbolDatabase.GetPrototype() will be removed soon.
  warnings.warn('SymbolDatabase.GetPrototype() is deprecated. Please '
D:\Emolearn-lab\backend\venv\lib\site-packages\keras\src\models\functional.py:241: UserWarning: The structure of `inputs` doesn't match the expected structure.
Expected: ['keras_tensor']
Received: inputs=Tensor(shape=(1, 224, 224, 3))
  warnings.warn(msg)
D:\Emolearn-lab\backend\venv\lib\site-packages\google\protobuf\symbol_database.py:55: UserWarning: SymbolDatabase.GetPrototype() is deprecated. Please use message_factory.GetMessageClass() instead. SymbolDatabase.GetPrototype() will be removed soon.
  warnings.warn('SymbolDatabase.GetPrototype() is deprecated. Please '
D:\Emolearn-lab\backend\venv\lib\site-packages\keras\src\models\functional.py:241: UserWarning: The structure of `inputs` doesn't match the expected structure.
Expected: ['keras_tensor']
Received: inputs=Tensor(shape=(1, 224, 224, 3))
  warnings.warn(msg)
D:\Emolearn-lab\backend\venv\lib\site-packages\google\protobuf\symbol_database.py:55: UserWarning: SymbolDatabase.GetPrototype() is deprecated. Please use message_factory.GetMessageClass() instead. SymbolDatabase.GetPrototype() will be removed soon.
  warnings.warn('SymbolDatabase.GetPrototype() is deprecated. Please '
D:\Emolearn-lab\backend\venv\lib\site-packages\keras\src\models\functional.py:241: UserWarning: The structure of `inputs` doesn't match the expected structure.
Expected: ['keras_tensor']
Received: inputs=Tensor(shape=(1, 224, 224, 3))
  warnings.warn(msg)
D:\Emolearn-lab\backend\venv\lib\site-packages\google\protobuf\symbol_database.py:55: UserWarning: SymbolDatabase.GetPrototype() is deprecated. Please use message_factory.GetMessageClass() instead. SymbolDatabase.GetPrototype() will be removed soon.
  warnings.warn('SymbolDatabase.GetPrototype() is deprecated. Please '
D:\Emolearn-lab\backend\venv\lib\site-packages\keras\src\models\functional.py:241: UserWarning: The structure of `inputs` doesn't match the expected structure.
Expected: ['keras_tensor']
Received: inputs=Tensor(shape=(1, 224, 224, 3))
  warnings.warn(msg)
D:\Emolearn-lab\backend\venv\lib\site-packages\google\protobuf\symbol_database.py:55: UserWarning: SymbolDatabase.GetPrototype() is deprecated. Please use message_factory.GetMessageClass() instead. SymbolDatabase.GetPrototype() will be removed soon.
  warnings.warn('SymbolDatabase.GetPrototype() is deprecated. Please '
D:\Emolearn-lab\backend\venv\lib\site-packages\keras\src\models\functional.py:241: UserWarning: The structure of `inputs` doesn't match the expected structure.
Expected: ['keras_tensor']
Received: inputs=Tensor(shape=(1, 224, 224, 3))
  warnings.warn(msg)
D:\Emolearn-lab\backend\venv\lib\site-packages\google\protobuf\symbol_database.py:55: UserWarning: SymbolDatabase.GetPrototype() is deprecated. Please use message_factory.GetMessageClass() instead. SymbolDatabase.GetPrototype() will be removed soon.
  warnings.warn('SymbolDatabase.GetPrototype() is deprecated. Please '
D:\Emolearn-lab\backend\venv\lib\site-packages\keras\src\models\functional.py:241: UserWarning: The structure of `inputs` doesn't match the expected structure.
Expected: ['keras_tensor']
Received: inputs=Tensor(shape=(1, 224, 224, 3))
  warnings.warn(msg)
D:\Emolearn-lab\backend\venv\lib\site-packages\google\protobuf\symbol_database.py:55: UserWarning: SymbolDatabase.GetPrototype() is deprecated. Please use message_factory.GetMessageClass() instead. SymbolDatabase.GetPrototype() will be removed soon.
  warnings.warn('SymbolDatabase.GetPrototype() is deprecated. Please '
D:\Emolearn-lab\backend\venv\lib\site-packages\keras\src\models\functional.py:241: UserWarning: The structure of `inputs` doesn't match the expected structure.
Expected: ['keras_tensor']
Received: inputs=Tensor(shape=(1, 224, 224, 3))
  warnings.warn(msg)
D:\Emolearn-lab\backend\venv\lib\site-packages\google\protobuf\symbol_database.py:55: UserWarning: SymbolDatabase.GetPrototype() is deprecated. Please use message_factory.GetMessageClass() instead. SymbolDatabase.GetPrototype() will be removed soon.
  warnings.warn('SymbolDatabase.GetPrototype() is deprecated. Please '
D:\Emolearn-lab\backend\venv\lib\site-packages\keras\src\models\functional.py:241: UserWarning: The structure of `inputs` doesn't match the expected structure.
Expected: ['keras_tensor']
Received: inputs=Tensor(shape=(1, 224, 224, 3))
  warnings.warn(msg)
D:\Emolearn-lab\backend\venv\lib\site-packages\google\protobuf\symbol_database.py:55: UserWarning: SymbolDatabase.GetPrototype() is deprecated. Please use message_factory.GetMessageClass() instead. SymbolDatabase.GetPrototype() will be removed soon.
  warnings.warn('SymbolDatabase.GetPrototype() is deprecated. Please '
D:\Emolearn-lab\backend\venv\lib\site-packages\keras\src\models\functional.py:241: UserWarning: The structure of `inputs` doesn't match the expected structure.
Expected: ['keras_tensor']
Received: inputs=Tensor(shape=(1, 224, 224, 3))
  warnings.warn(msg)
D:\Emolearn-lab\backend\venv\lib\site-packages\google\protobuf\symbol_database.py:55: UserWarning: SymbolDatabase.GetPrototype() is deprecated. Please use message_factory.GetMessageClass() instead. SymbolDatabase.GetPrototype() will be removed soon.
  warnings.warn('SymbolDatabase.GetPrototype() is deprecated. Please '
D:\Emolearn-lab\backend\venv\lib\site-packages\keras\src\models\functional.py:241: UserWarning: The structure of `inputs` doesn't match the expected structure.
Expected: ['keras_tensor']
Received: inputs=Tensor(shape=(1, 224, 224, 3))
  warnings.warn(msg)
D:\Emolearn-lab\backend\venv\lib\site-packages\google\protobuf\symbol_database.py:55: UserWarning: SymbolDatabase.GetPrototype() is deprecated. Please use message_factory.GetMessageClass() instead. SymbolDatabase.GetPrototype() will be removed soon.
  warnings.warn('SymbolDatabase.GetPrototype() is deprecated. Please '
D:\Emolearn-lab\backend\venv\lib\site-packages\keras\src\models\functional.py:241: UserWarning: The structure of `inputs` doesn't match the expected structure.
Expected: ['keras_tensor']
Received: inputs=Tensor(shape=(1, 224, 224, 3))
  warnings.warn(msg)
D:\Emolearn-lab\backend\venv\lib\site-packages\google\protobuf\symbol_database.py:55: UserWarning: SymbolDatabase.GetPrototype() is deprecated. Please use message_factory.GetMessageClass() instead. SymbolDatabase.GetPrototype() will be removed soon.
  warnings.warn('SymbolDatabase.GetPrototype() is deprecated. Please '
D:\Emolearn-lab\backend\venv\lib\site-packages\keras\src\models\functional.py:241: UserWarning: The structure of `inputs` doesn't match the expected structure.
Expected: ['keras_tensor']
Received: inputs=Tensor(shape=(1, 224, 224, 3))
  warnings.warn(msg)
D:\Emolearn-lab\backend\venv\lib\site-packages\google\protobuf\symbol_database.py:55: UserWarning: SymbolDatabase.GetPrototype() is deprecated. Please use message_factory.GetMessageClass() instead. SymbolDatabase.GetPrototype() will be removed soon.
  warnings.warn('SymbolDatabase.GetPrototype() is deprecated. Please '
D:\Emolearn-lab\backend\venv\lib\site-packages\keras\src\models\functional.py:241: UserWarning: The structure of `inputs` doesn't match the expected structure.
Expected: ['keras_tensor']
Received: inputs=Tensor(shape=(1, 224, 224, 3))
  warnings.warn(msg)
D:\Emolearn-lab\backend\venv\lib\site-packages\google\protobuf\symbol_database.py:55: UserWarning: SymbolDatabase.GetPrototype() is deprecated. Please use message_factory.GetMessageClass() instead. SymbolDatabase.GetPrototype() will be removed soon.
  warnings.warn('SymbolDatabase.GetPrototype() is deprecated. Please '
D:\Emolearn-lab\backend\venv\lib\site-packages\keras\src\models\functional.py:241: UserWarning: The structure of `inputs` doesn't match the expected structure.
Expected: ['keras_tensor']
Received: inputs=Tensor(shape=(1, 224, 224, 3))
  warnings.warn(msg)
D:\Emolearn-lab\backend\venv\lib\site-packages\google\protobuf\symbol_database.py:55: UserWarning: SymbolDatabase.GetPrototype() is deprecated. Please use message_factory.GetMessageClass() instead. SymbolDatabase.GetPrototype() will be removed soon.
  warnings.warn('SymbolDatabase.GetPrototype() is deprecated. Please '
D:\Emolearn-lab\backend\venv\lib\site-packages\keras\src\models\functional.py:241: UserWarning: The structure of `inputs` doesn't match the expected structure.
Expected: ['keras_tensor']
Received: inputs=Tensor(shape=(1, 224, 224, 3))
  warnings.warn(msg)
D:\Emolearn-lab\backend\venv\lib\site-packages\google\protobuf\symbol_database.py:55: UserWarning: SymbolDatabase.GetPrototype() is deprecated. Please use message_factory.GetMessageClass() instead. SymbolDatabase.GetPrototype() will be removed soon.
  warnings.warn('SymbolDatabase.GetPrototype() is deprecated. Please '
D:\Emolearn-lab\backend\venv\lib\site-packages\keras\src\models\functional.py:241: UserWarning: The structure of `inputs` doesn't match the expected structure.
Expected: ['keras_tensor']
Received: inputs=Tensor(shape=(1, 224, 224, 3))
  warnings.warn(msg)
D:\Emolearn-lab\backend\venv\lib\site-packages\google\protobuf\symbol_database.py:55: UserWarning: SymbolDatabase.GetPrototype() is deprecated. Please use message_factory.GetMessageClass() instead. SymbolDatabase.GetPrototype() will be removed soon.
  warnings.warn('SymbolDatabase.GetPrototype() is deprecated. Please '
D:\Emolearn-lab\backend\venv\lib\site-packages\keras\src\models\functional.py:241: UserWarning: The structure of `inputs` doesn't match the expected structure.
Expected: ['keras_tensor']
Received: inputs=Tensor(shape=(1, 224, 224, 3))
  warnings.warn(msg)
D:\Emolearn-lab\backend\venv\lib\site-packages\google\protobuf\symbol_database.py:55: UserWarning: SymbolDatabase.GetPrototype() is deprecated. Please use message_factory.GetMessageClass() instead. SymbolDatabase.GetPrototype() will be removed soon.
  warnings.warn('SymbolDatabase.GetPrototype() is deprecated. Please '
D:\Emolearn-lab\backend\venv\lib\site-packages\keras\src\models\functional.py:241: UserWarning: The structure of `inputs` doesn't match the expected structure.
Expected: ['keras_tensor']
Received: inputs=Tensor(shape=(1, 224, 224, 3))
  warnings.warn(msg)
D:\Emolearn-lab\backend\venv\lib\site-packages\google\protobuf\symbol_database.py:55: UserWarning: SymbolDatabase.GetPrototype() is deprecated. Please use message_factory.GetMessageClass() instead. SymbolDatabase.GetPrototype() will be removed soon.
  warnings.warn('SymbolDatabase.GetPrototype() is deprecated. Please '
D:\Emolearn-lab\backend\venv\lib\site-packages\keras\src\models\functional.py:241: UserWarning: The structure of `inputs` doesn't match the expected structure.
Expected: ['keras_tensor']
Received: inputs=Tensor(shape=(1, 224, 224, 3))
  warnings.warn(msg)
D:\Emolearn-lab\backend\venv\lib\site-packages\google\protobuf\symbol_database.py:55: UserWarning: SymbolDatabase.GetPrototype() is deprecated. Please use message_factory.GetMessageClass() instead. SymbolDatabase.GetPrototype() will be removed soon.
  warnings.warn('SymbolDatabase.GetPrototype() is deprecated. Please '
D:\Emolearn-lab\backend\venv\lib\site-packages\keras\src\models\functional.py:241: UserWarning: The structure of `inputs` doesn't match the expected structure.
Expected: ['keras_tensor']
Received: inputs=Tensor(shape=(1, 224, 224, 3))
  warnings.warn(msg)
D:\Emolearn-lab\backend\venv\lib\site-packages\google\protobuf\symbol_database.py:55: UserWarning: SymbolDatabase.GetPrototype() is deprecated. Please use message_factory.GetMessageClass() instead. SymbolDatabase.GetPrototype() will be removed soon.
  warnings.warn('SymbolDatabase.GetPrototype() is deprecated. Please '
D:\Emolearn-lab\backend\venv\lib\site-packages\keras\src\models\functional.py:241: UserWarning: The structure of `inputs` doesn't match the expected structure.
Expected: ['keras_tensor']
Received: inputs=Tensor(shape=(1, 224, 224, 3))
  warnings.warn(msg)
D:\Emolearn-lab\backend\venv\lib\site-packages\google\protobuf\symbol_database.py:55: UserWarning: SymbolDatabase.GetPrototype() is deprecated. Please use message_factory.GetMessageClass() instead. SymbolDatabase.GetPrototype() will be removed soon.
  warnings.warn('SymbolDatabase.GetPrototype() is deprecated. Please '
D:\Emolearn-lab\backend\venv\lib\site-packages\keras\src\models\functional.py:241: UserWarning: The structure of `inputs` doesn't match the expected structure.
Expected: ['keras_tensor']
Received: inputs=Tensor(shape=(1, 224, 224, 3))
  warnings.warn(msg)
D:\Emolearn-lab\backend\venv\lib\site-packages\google\protobuf\symbol_database.py:55: UserWarning: SymbolDatabase.GetPrototype() is deprecated. Please use message_factory.GetMessageClass() instead. SymbolDatabase.GetPrototype() will be removed soon.
  warnings.warn('SymbolDatabase.GetPrototype() is deprecated. Please '
D:\Emolearn-lab\backend\venv\lib\site-packages\keras\src\models\functional.py:241: UserWarning: The structure of `inputs` doesn't match the expected structure.
Expected: ['keras_tensor']
Received: inputs=Tensor(shape=(1, 224, 224, 3))
  warnings.warn(msg)
D:\Emolearn-lab\backend\venv\lib\site-packages\google\protobuf\symbol_database.py:55: UserWarning: SymbolDatabase.GetPrototype() is deprecated. Please use message_factory.GetMessageClass() instead. SymbolDatabase.GetPrototype() will be removed soon.
  warnings.warn('SymbolDatabase.GetPrototype() is deprecated. Please '
D:\Emolearn-lab\backend\venv\lib\site-packages\keras\src\models\functional.py:241: UserWarning: The structure of `inputs` doesn't match the expected structure.
Expected: ['keras_tensor']
Received: inputs=Tensor(shape=(1, 224, 224, 3))
  warnings.warn(msg)
D:\Emolearn-lab\backend\venv\lib\site-packages\google\protobuf\symbol_database.py:55: UserWarning: SymbolDatabase.GetPrototype() is deprecated. Please use message_factory.GetMessageClass() instead. SymbolDatabase.GetPrototype() will be removed soon.
  warnings.warn('SymbolDatabase.GetPrototype() is deprecated. Please '
D:\Emolearn-lab\backend\venv\lib\site-packages\keras\src\models\functional.py:241: UserWarning: The structure of `inputs` doesn't match the expected structure.
Expected: ['keras_tensor']
Received: inputs=Tensor(shape=(1, 224, 224, 3))
  warnings.warn(msg)
D:\Emolearn-lab\backend\venv\lib\site-packages\google\protobuf\symbol_database.py:55: UserWarning: SymbolDatabase.GetPrototype() is deprecated. Please use message_factory.GetMessageClass() instead. SymbolDatabase.GetPrototype() will be removed soon.
  warnings.warn('SymbolDatabase.GetPrototype() is deprecated. Please '
D:\Emolearn-lab\backend\venv\lib\site-packages\keras\src\models\functional.py:241: UserWarning: The structure of `inputs` doesn't match the expected structure.
Expected: ['keras_tensor']
Received: inputs=Tensor(shape=(1, 224, 224, 3))
  warnings.warn(msg)
D:\Emolearn-lab\backend\venv\lib\site-packages\google\protobuf\symbol_database.py:55: UserWarning: SymbolDatabase.GetPrototype() is deprecated. Please use message_factory.GetMessageClass() instead. SymbolDatabase.GetPrototype() will be removed soon.
  warnings.warn('SymbolDatabase.GetPrototype() is deprecated. Please '
D:\Emolearn-lab\backend\venv\lib\site-packages\keras\src\models\functional.py:241: UserWarning: The structure of `inputs` doesn't match the expected structure.
Expected: ['keras_tensor']
Received: inputs=Tensor(shape=(1, 224, 224, 3))
  warnings.warn(msg)
D:\Emolearn-lab\backend\venv\lib\site-packages\google\protobuf\symbol_database.py:55: UserWarning: SymbolDatabase.GetPrototype() is deprecated. Please use message_factory.GetMessageClass() instead. SymbolDatabase.GetPrototype() will be removed soon.
  warnings.warn('SymbolDatabase.GetPrototype() is deprecated. Please '
D:\Emolearn-lab\backend\venv\lib\site-packages\keras\src\models\functional.py:241: UserWarning: The structure of `inputs` doesn't match the expected structure.
Expected: ['keras_tensor']
Received: inputs=Tensor(shape=(1, 224, 224, 3))
  warnings.warn(msg)
D:\Emolearn-lab\backend\venv\lib\site-packages\google\protobuf\symbol_database.py:55: UserWarning: SymbolDatabase.GetPrototype() is deprecated. Please use message_factory.GetMessageClass() instead. SymbolDatabase.GetPrototype() will be removed soon.
  warnings.warn('SymbolDatabase.GetPrototype() is deprecated. Please '
D:\Emolearn-lab\backend\venv\lib\site-packages\keras\src\models\functional.py:241: UserWarning: The structure of `inputs` doesn't match the expected structure.
Expected: ['keras_tensor']
Received: inputs=Tensor(shape=(1, 224, 224, 3))
  warnings.warn(msg)
D:\Emolearn-lab\backend\venv\lib\site-packages\google\protobuf\symbol_database.py:55: UserWarning: SymbolDatabase.GetPrototype() is deprecated. Please use message_factory.GetMessageClass() instead. SymbolDatabase.GetPrototype() will be removed soon.
  warnings.warn('SymbolDatabase.GetPrototype() is deprecated. Please '
D:\Emolearn-lab\backend\venv\lib\site-packages\keras\src\models\functional.py:241: UserWarning: The structure of `inputs` doesn't match the expected structure.
Expected: ['keras_tensor']
Received: inputs=Tensor(shape=(1, 224, 224, 3))
  warnings.warn(msg)
D:\Emolearn-lab\backend\venv\lib\site-packages\google\protobuf\symbol_database.py:55: UserWarning: SymbolDatabase.GetPrototype() is deprecated. Please use message_factory.GetMessageClass() instead. SymbolDatabase.GetPrototype() will be removed soon.
  warnings.warn('SymbolDatabase.GetPrototype() is deprecated. Please '
D:\Emolearn-lab\backend\venv\lib\site-packages\keras\src\models\functional.py:241: UserWarning: The structure of `inputs` doesn't match the expected structure.
Expected: ['keras_tensor']
Received: inputs=Tensor(shape=(1, 224, 224, 3))
  warnings.warn(msg)
D:\Emolearn-lab\backend\venv\lib\site-packages\google\protobuf\symbol_database.py:55: UserWarning: SymbolDatabase.GetPrototype() is deprecated. Please use message_factory.GetMessageClass() instead. SymbolDatabase.GetPrototype() will be removed soon.
  warnings.warn('SymbolDatabase.GetPrototype() is deprecated. Please '
D:\Emolearn-lab\backend\venv\lib\site-packages\keras\src\models\functional.py:241: UserWarning: The structure of `inputs` doesn't match the expected structure.
Expected: ['keras_tensor']
Received: inputs=Tensor(shape=(1, 224, 224, 3))
  warnings.warn(msg)
D:\Emolearn-lab\backend\venv\lib\site-packages\google\protobuf\symbol_database.py:55: UserWarning: SymbolDatabase.GetPrototype() is deprecated. Please use message_factory.GetMessageClass() instead. SymbolDatabase.GetPrototype() will be removed soon.
  warnings.warn('SymbolDatabase.GetPrototype() is deprecated. Please '
D:\Emolearn-lab\backend\venv\lib\site-packages\keras\src\models\functional.py:241: UserWarning: The structure of `inputs` doesn't match the expected structure.
Expected: ['keras_tensor']
Received: inputs=Tensor(shape=(1, 224, 224, 3))
  warnings.warn(msg)
D:\Emolearn-lab\backend\venv\lib\site-packages\google\protobuf\symbol_database.py:55: UserWarning: SymbolDatabase.GetPrototype() is deprecated. Please use message_factory.GetMessageClass() instead. SymbolDatabase.GetPrototype() will be removed soon.
  warnings.warn('SymbolDatabase.GetPrototype() is deprecated. Please '
D:\Emolearn-lab\backend\venv\lib\site-packages\keras\src\models\functional.py:241: UserWarning: The structure of `inputs` doesn't match the expected structure.
Expected: ['keras_tensor']
Received: inputs=Tensor(shape=(1, 224, 224, 3))
  warnings.warn(msg)
D:\Emolearn-lab\backend\venv\lib\site-packages\google\protobuf\symbol_database.py:55: UserWarning: SymbolDatabase.GetPrototype() is deprecated. Please use message_factory.GetMessageClass() instead. SymbolDatabase.GetPrototype() will be removed soon.
  warnings.warn('SymbolDatabase.GetPrototype() is deprecated. Please '
D:\Emolearn-lab\backend\venv\lib\site-packages\keras\src\models\functional.py:241: UserWarning: The structure of `inputs` doesn't match the expected structure.
Expected: ['keras_tensor']
Received: inputs=Tensor(shape=(1, 224, 224, 3))
  warnings.warn(msg)
D:\Emolearn-lab\backend\venv\lib\site-packages\google\protobuf\symbol_database.py:55: UserWarning: SymbolDatabase.GetPrototype() is deprecated. Please use message_factory.GetMessageClass() instead. SymbolDatabase.GetPrototype() will be removed soon.
  warnings.warn('SymbolDatabase.GetPrototype() is deprecated. Please '
D:\Emolearn-lab\backend\venv\lib\site-packages\keras\src\models\functional.py:241: UserWarning: The structure of `inputs` doesn't match the expected structure.
Expected: ['keras_tensor']
Received: inputs=Tensor(shape=(1, 224, 224, 3))
  warnings.warn(msg)
D:\Emolearn-lab\backend\venv\lib\site-packages\google\protobuf\symbol_database.py:55: UserWarning: SymbolDatabase.GetPrototype() is deprecated. Please use message_factory.GetMessageClass() instead. SymbolDatabase.GetPrototype() will be removed soon.
  warnings.warn('SymbolDatabase.GetPrototype() is deprecated. Please '
D:\Emolearn-lab\backend\venv\lib\site-packages\keras\src\models\functional.py:241: UserWarning: The structure of `inputs` doesn't match the expected structure.
Expected: ['keras_tensor']
Received: inputs=Tensor(shape=(1, 224, 224, 3))
  warnings.warn(msg)
D:\Emolearn-lab\backend\venv\lib\site-packages\google\protobuf\symbol_database.py:55: UserWarning: SymbolDatabase.GetPrototype() is deprecated. Please use message_factory.GetMessageClass() instead. SymbolDatabase.GetPrototype() will be removed soon.
  warnings.warn('SymbolDatabase.GetPrototype() is deprecated. Please '
D:\Emolearn-lab\backend\venv\lib\site-packages\keras\src\models\functional.py:241: UserWarning: The structure of `inputs` doesn't match the expected structure.
Expected: ['keras_tensor']
Received: inputs=Tensor(shape=(1, 224, 224, 3))
  warnings.warn(msg)
D:\Emolearn-lab\backend\venv\lib\site-packages\google\protobuf\symbol_database.py:55: UserWarning: SymbolDatabase.GetPrototype() is deprecated. Please use message_factory.GetMessageClass() instead. SymbolDatabase.GetPrototype() will be removed soon.
  warnings.warn('SymbolDatabase.GetPrototype() is deprecated. Please '
D:\Emolearn-lab\backend\venv\lib\site-packages\keras\src\models\functional.py:241: UserWarning: The structure of `inputs` doesn't match the expected structure.
Expected: ['keras_tensor']
Received: inputs=Tensor(shape=(1, 224, 224, 3))
  warnings.warn(msg)
D:\Emolearn-lab\backend\venv\lib\site-packages\google\protobuf\symbol_database.py:55: UserWarning: SymbolDatabase.GetPrototype() is deprecated. Please use message_factory.GetMessageClass() instead. SymbolDatabase.GetPrototype() will be removed soon.
  warnings.warn('SymbolDatabase.GetPrototype() is deprecated. Please '
D:\Emolearn-lab\backend\venv\lib\site-packages\keras\src\models\functional.py:241: UserWarning: The structure of `inputs` doesn't match the expected structure.
Expected: ['keras_tensor']
Received: inputs=Tensor(shape=(1, 224, 224, 3))
  warnings.warn(msg)
D:\Emolearn-lab\backend\venv\lib\site-packages\google\protobuf\symbol_database.py:55: UserWarning: SymbolDatabase.GetPrototype() is deprecated. Please use message_factory.GetMessageClass() instead. SymbolDatabase.GetPrototype() will be removed soon.
  warnings.warn('SymbolDatabase.GetPrototype() is deprecated. Please '
D:\Emolearn-lab\backend\venv\lib\site-packages\keras\src\models\functional.py:241: UserWarning: The structure of `inputs` doesn't match the expected structure.
Expected: ['keras_tensor']
Received: inputs=Tensor(shape=(1, 224, 224, 3))
  warnings.warn(msg)
