2026-09-26 22:56:27,766 uvicorn.error INFO Started server process [23744]
2026-09-26 22:56:27,768 uvicorn.error INFO Waiting for application startup.
2026-09-26 22:56:35,816 app.api.routes.predict INFO predict timings (s): prep=1.003 face=1.621 pose=0.016 heatmap=0.846 explain=0.085 total=3.581
2026-09-26 22:56:35,816 uvicorn.error INFO Warm-up prediction took 3.6 s
2026-09-26 22:56:35,816 uvicorn.error INFO Application startup complete.
2026-09-26 22:56:35,816 uvicorn.error INFO Uvicorn running on http://127.0.0.1:8002 (Press CTRL+C to quit)
2026-09-26 22:56:37,876 app.api.routes.predict INFO predict timings (s): prep=0.953 face=0.183 pose=0.019 heatmap=0.524 explain=0.070 total=1.767
2026-09-26 22:56:39,546 app.api.routes.predict INFO predict timings (s): prep=0.843 face=0.126 pose=0.011 heatmap=0.571 explain=0.088 total=1.661
2026-09-26 22:56:41,331 app.api.routes.predict INFO predict timings (s): prep=0.997 face=0.100 pose=0.021 heatmap=0.545 explain=0.067 total=1.753
2026-09-26 22:56:42,957 app.api.routes.predict INFO predict timings (s): prep=0.819 face=0.149 pose=0.017 heatmap=0.535 explain=0.060 total=1.605
2026-09-26 22:56:44,618 app.api.routes.predict INFO predict timings (s): prep=0.796 face=0.225 pose=0.023 heatmap=0.528 explain=0.062 total=1.647
2026-09-26 22:56:46,157 app.api.routes.predict INFO predict timings (s): prep=0.805 face=0.138 pose=0.022 heatmap=0.488 explain=0.067 total=1.539
2026-09-26 22:56:47,812 app.api.routes.predict INFO predict timings (s): prep=0.937 face=0.091 pose=0.010 heatmap=0.457 explain=0.107 total=1.624
2026-09-26 22:56:49,504 app.api.routes.predict INFO predict timings (s): prep=0.807 face=0.134 pose=0.019 heatmap=0.599 explain=0.085 total=1.662
2026-09-26 22:56:51,167 app.api.routes.predict INFO predict timings (s): prep=0.837 face=0.092 pose=0.016 heatmap=0.599 explain=0.077 total=1.636
2026-09-26 22:56:52,830 app.api.routes.predict INFO predict timings (s): prep=0.957 face=0.094 pose=0.020 heatmap=0.471 explain=0.080 total=1.645
2026-09-26 22:56:54,563 app.api.routes.predict INFO predict timings (s): prep=0.924 face=0.159 pose=0.013 heatmap=0.549 explain=0.070 total=1.735
2026-09-26 22:56:56,279 app.api.routes.predict INFO predict timings (s): prep=1.033 face=0.094 pose=0.010 heatmap=0.487 explain=0.066 total=1.705
2026-09-26 22:56:58,003 app.api.routes.predict INFO predict timings (s): prep=0.850 face=0.132 pose=0.017 heatmap=0.613 explain=0.063 total=1.698
2026-09-26 22:56:59,767 app.api.routes.predict INFO predict timings (s): prep=0.793 face=0.095 pose=0.024 heatmap=0.615 explain=0.093 total=1.642
2026-09-26 22:57:01,352 app.api.routes.predict INFO predict timings (s): prep=0.791 face=0.098 pose=0.012 heatmap=0.549 explain=0.100 total=1.567
2026-09-26 22:57:02,934 app.api.routes.predict INFO predict timings (s): prep=0.777 face=0.090 pose=0.013 heatmap=0.582 explain=0.094 total=1.575
2026-09-26 22:57:04,696 app.api.routes.predict INFO predict timings (s): prep=0.858 face=0.143 pose=0.023 heatmap=0.627 explain=0.066 total=1.746
2026-09-26 22:57:06,352 app.api.routes.predict INFO predict timings (s): prep=0.822 face=0.090 pose=0.027 heatmap=0.616 explain=0.067 total=1.643
2026-09-26 22:57:08,099 app.api.routes.predict INFO predict timings (s): prep=0.950 face=0.105 pose=0.009 heatmap=0.584 explain=0.063 total=1.732
2026-09-26 22:57:09,878 app.api.routes.predict INFO predict timings (s): prep=0.830 face=0.115 pose=0.022 heatmap=0.622 explain=0.065 total=1.672
2026-09-26 22:57:11,525 app.api.routes.predict INFO predict timings (s): prep=0.810 face=0.089 pose=0.021 heatmap=0.624 explain=0.063 total=1.630
2026-09-26 22:57:13,226 app.api.routes.predict INFO predict timings (s): prep=0.839 face=0.095 pose=0.019 heatmap=0.622 explain=0.071 total=1.670
2026-09-26 22:57:14,726 app.api.routes.predict INFO predict timings (s): prep=0.779 face=0.090 pose=0.012 heatmap=0.519 explain=0.081 total=1.494
2026-09-26 22:57:16,344 app.api.routes.predict INFO predict timings (s): prep=0.810 face=0.085 pose=0.010 heatmap=0.603 explain=0.093 total=1.614
2026-09-26 22:57:18,115 app.api.routes.predict INFO predict timings (s): prep=0.896 face=0.090 pose=0.010 heatmap=0.631 explain=0.092 total=1.742
2026-09-26 22:57:19,839 app.api.routes.predict INFO predict timings (s): prep=0.813 face=0.149 pose=0.021 heatmap=0.620 explain=0.085 total=1.714
2026-09-26 22:57:21,570 app.api.routes.predict INFO predict timings (s): prep=0.840 face=0.120 pose=0.011 heatmap=0.604 explain=0.102 total=1.703
2026-09-26 22:57:23,176 app.api.routes.predict INFO predict timings (s): prep=0.789 face=0.127 pose=0.019 heatmap=0.558 explain=0.075 total=1.588
2026-09-26 22:57:24,831 app.api.routes.predict INFO predict timings (s): prep=0.812 face=0.089 pose=0.021 heatmap=0.616 explain=0.081 total=1.638
2026-09-26 22:57:26,550 app.api.routes.predict INFO predict timings (s): prep=0.824 face=0.130 pose=0.022 heatmap=0.621 explain=0.067 total=1.697
2026-09-26 22:57:28,198 app.api.routes.predict INFO predict timings (s): prep=0.794 face=0.115 pose=0.021 heatmap=0.614 explain=0.061 total=1.630
2026-09-26 22:57:29,855 app.api.routes.predict INFO predict timings (s): prep=0.820 face=0.094 pose=0.023 heatmap=0.567 explain=0.110 total=1.639
2026-09-26 22:57:31,558 app.api.routes.predict INFO predict timings (s): prep=0.849 face=0.094 pose=0.023 heatmap=0.628 explain=0.062 total=1.681
2026-09-26 22:57:33,216 app.api.routes.predict INFO predict timings (s): prep=0.767 face=0.139 pose=0.023 heatmap=0.622 explain=0.074 total=1.642
2026-09-26 22:57:34,904 app.api.routes.predict INFO predict timings (s): prep=0.851 face=0.118 pose=0.010 heatmap=0.600 explain=0.070 total=1.671
2026-09-26 22:57:36,536 app.api.routes.predict INFO predict timings (s): prep=0.826 face=0.089 pose=0.019 heatmap=0.597 explain=0.066 total=1.621
2026-09-26 22:57:38,256 app.api.routes.predict INFO predict timings (s): prep=0.818 face=0.144 pose=0.020 heatmap=0.610 explain=0.066 total=1.686
2026-09-26 22:57:39,909 app.api.routes.predict INFO predict timings (s): prep=0.800 face=0.127 pose=0.023 heatmap=0.602 explain=0.064 total=1.640
2026-09-26 22:57:41,590 app.api.routes.predict INFO predict timings (s): prep=0.989 face=0.083 pose=0.010 heatmap=0.475 explain=0.067 total=1.646
2026-09-26 22:57:43,188 app.api.routes.predict INFO predict timings (s): prep=0.795 face=0.118 pose=0.021 heatmap=0.524 explain=0.115 total=1.593
2026-09-26 22:57:44,874 app.api.routes.predict INFO predict timings (s): prep=0.847 face=0.087 pose=0.010 heatmap=0.603 explain=0.083 total=1.653
2026-09-26 22:57:46,423 app.api.routes.predict INFO predict timings (s): prep=0.774 face=0.116 pose=0.016 heatmap=0.530 explain=0.088 total=1.547
2026-09-26 22:57:47,988 app.api.routes.predict INFO predict timings (s): prep=0.791 face=0.167 pose=0.023 heatmap=0.484 explain=0.087 total=1.570
2026-09-26 22:57:49,639 app.api.routes.predict INFO predict timings (s): prep=0.777 face=0.109 pose=0.021 heatmap=0.607 explain=0.079 total=1.616
2026-09-26 22:57:51,166 app.api.routes.predict INFO predict timings (s): prep=0.792 face=0.090 pose=0.021 heatmap=0.524 explain=0.066 total=1.517
2026-09-26 22:57:52,760 app.api.routes.predict INFO predict timings (s): prep=0.807 face=0.087 pose=0.010 heatmap=0.570 explain=0.067 total=1.565
2026-09-26 22:57:54,580 app.api.routes.predict INFO predict timings (s): prep=0.811 face=0.092 pose=0.017 heatmap=0.621 explain=0.107 total=1.675
2026-09-26 22:57:56,354 app.api.routes.predict INFO predict timings (s): prep=0.853 face=0.152 pose=0.012 heatmap=0.619 explain=0.091 total=1.765
2026-09-26 22:57:58,005 app.api.routes.predict INFO predict timings (s): prep=0.786 face=0.094 pose=0.023 heatmap=0.612 explain=0.062 total=1.602
2026-09-26 22:57:59,632 app.api.routes.predict INFO predict timings (s): prep=0.837 face=0.146 pose=0.010 heatmap=0.528 explain=0.072 total=1.612
2026-09-26 22:58:01,528 app.api.routes.predict INFO predict timings (s): prep=0.971 face=0.088 pose=0.021 heatmap=0.584 explain=0.066 total=1.755
2026-09-26 22:58:03,204 app.api.routes.predict INFO predict timings (s): prep=0.807 face=0.134 pose=0.015 heatmap=0.617 explain=0.070 total=1.661
2026-09-26 22:58:04,957 app.api.routes.predict INFO predict timings (s): prep=0.863 face=0.136 pose=0.030 heatmap=0.604 explain=0.071 total=1.730
2026-09-26 22:58:06,699 app.api.routes.predict INFO predict timings (s): prep=0.941 face=0.087 pose=0.022 heatmap=0.581 explain=0.059 total=1.708
2026-09-26 22:58:08,527 app.api.routes.predict INFO predict timings (s): prep=0.969 face=0.130 pose=0.015 heatmap=0.608 explain=0.065 total=1.808
2026-09-26 22:58:10,277 app.api.routes.predict INFO predict timings (s): prep=0.850 face=0.129 pose=0.021 heatmap=0.601 explain=0.097 total=1.723
2026-09-26 22:58:11,934 app.api.routes.predict INFO predict timings (s): prep=0.788 face=0.087 pose=0.019 heatmap=0.610 explain=0.100 total=1.623
2026-09-26 22:58:13,566 app.api.routes.predict INFO predict timings (s): prep=0.846 face=0.097 pose=0.010 heatmap=0.570 explain=0.072 total=1.617
2026-09-26 22:58:15,195 app.api.routes.predict INFO predict timings (s): prep=0.811 face=0.084 pose=0.015 heatmap=0.599 explain=0.105 total=1.629
2026-09-26 22:58:16,832 app.api.routes.predict INFO predict timings (s): prep=0.826 face=0.086 pose=0.015 heatmap=0.588 explain=0.068 total=1.604
2026-09-26 22:58:18,395 app.api.routes.predict INFO predict timings (s): prep=0.767 face=0.086 pose=0.017 heatmap=0.586 explain=0.058 total=1.539
2026-09-26 22:58:20,028 app.api.routes.predict INFO predict timings (s): prep=0.847 face=0.089 pose=0.010 heatmap=0.538 explain=0.103 total=1.611
2026-09-26 22:58:21,759 app.api.routes.predict INFO predict timings (s): prep=0.815 face=0.125 pose=0.023 heatmap=0.620 explain=0.091 total=1.704
2026-09-26 22:58:23,518 app.api.routes.predict INFO predict timings (s): prep=0.843 face=0.104 pose=0.023 heatmap=0.630 explain=0.099 total=1.727
2026-09-26 22:58:25,278 app.api.routes.predict INFO predict timings (s): prep=0.801 face=0.099 pose=0.012 heatmap=0.608 explain=0.098 total=1.647
2026-09-26 22:58:26,895 app.api.routes.predict INFO predict timings (s): prep=0.780 face=0.175 pose=0.022 heatmap=0.460 explain=0.133 total=1.602
2026-09-26 22:58:28,720 app.api.routes.predict INFO predict timings (s): prep=0.793 face=0.133 pose=0.014 heatmap=0.650 explain=0.082 total=1.710
2026-09-26 22:58:30,360 app.api.routes.predict INFO predict timings (s): prep=0.801 face=0.095 pose=0.017 heatmap=0.592 explain=0.081 total=1.614
2026-09-26 22:58:31,988 app.api.routes.predict INFO predict timings (s): prep=0.801 face=0.090 pose=0.020 heatmap=0.612 explain=0.061 total=1.607
2026-09-26 22:58:33,745 app.api.routes.predict INFO predict timings (s): prep=0.913 face=0.114 pose=0.024 heatmap=0.599 explain=0.072 total=1.742
2026-09-26 22:58:35,494 app.api.routes.predict INFO predict timings (s): prep=0.912 face=0.092 pose=0.016 heatmap=0.597 explain=0.098 total=1.738
2026-09-26 22:58:37,145 app.api.routes.predict INFO predict timings (s): prep=0.783 face=0.141 pose=0.013 heatmap=0.596 explain=0.076 total=1.632
2026-09-26 22:58:38,747 app.api.routes.predict INFO predict timings (s): prep=0.806 face=0.091 pose=0.010 heatmap=0.583 explain=0.064 total=1.579
2026-09-26 22:58:40,433 app.api.routes.predict INFO predict timings (s): prep=0.833 face=0.111 pose=0.022 heatmap=0.612 explain=0.065 total=1.672
2026-09-26 22:58:42,261 app.api.routes.predict INFO predict timings (s): prep=0.825 face=0.161 pose=0.014 heatmap=0.600 explain=0.067 total=1.705
2026-09-26 22:58:43,787 app.api.routes.predict INFO predict timings (s): prep=0.778 face=0.093 pose=0.010 heatmap=0.560 explain=0.070 total=1.523
2026-09-26 22:58:45,448 app.api.routes.predict INFO predict timings (s): prep=0.825 face=0.088 pose=0.011 heatmap=0.598 explain=0.094 total=1.638
