2026-09-26 23:01:11,812 uvicorn.error INFO Started server process [27664]
2026-09-26 23:01:11,812 uvicorn.error INFO Waiting for application startup.
2026-09-26 23:01:21,515 app.api.routes.predict INFO predict timings (s): prep=0.900 face=2.380 pose=0.030 heatmap=1.250 explain=0.170 total=4.736
2026-09-26 23:01:21,515 uvicorn.error INFO Warm-up prediction took 4.8 s
2026-09-26 23:01:21,520 uvicorn.error INFO Application startup complete.
2026-09-26 23:01:21,520 uvicorn.error INFO Uvicorn running on http://127.0.0.1:8002 (Press CTRL+C to quit)
2026-09-26 23:01:25,166 app.api.routes.predict INFO predict timings (s): prep=1.882 face=0.242 pose=0.027 heatmap=0.715 explain=0.164 total=3.062
2026-09-26 23:01:28,157 app.api.routes.predict INFO predict timings (s): prep=1.701 face=0.235 pose=0.038 heatmap=0.757 explain=0.195 total=2.962
2026-09-26 23:01:31,182 app.api.routes.predict INFO predict timings (s): prep=1.725 face=0.234 pose=0.035 heatmap=0.796 explain=0.184 total=3.013
2026-09-26 23:01:34,105 app.api.routes.predict INFO predict timings (s): prep=1.769 face=0.221 pose=0.027 heatmap=0.698 explain=0.164 total=2.921
2026-09-26 23:01:37,010 app.api.routes.predict INFO predict timings (s): prep=1.767 face=0.221 pose=0.027 heatmap=0.685 explain=0.163 total=2.894
2026-09-26 23:01:38,707 app.api.routes.predict INFO predict timings (s): prep=0.935 face=0.131 pose=0.019 heatmap=0.498 explain=0.072 total=1.677
2026-09-26 23:01:40,447 app.api.routes.predict INFO predict timings (s): prep=0.759 face=0.199 pose=0.025 heatmap=0.632 explain=0.093 total=1.725
2026-09-26 23:01:41,976 app.api.routes.predict INFO predict timings (s): prep=0.791 face=0.099 pose=0.017 heatmap=0.528 explain=0.059 total=1.518
2026-09-26 23:01:43,542 app.api.routes.predict INFO predict timings (s): prep=0.754 face=0.131 pose=0.010 heatmap=0.565 explain=0.077 total=1.555
2026-09-26 23:01:45,175 app.api.routes.predict INFO predict timings (s): prep=0.838 face=0.104 pose=0.020 heatmap=0.563 explain=0.094 total=1.638
2026-09-26 23:01:46,976 app.api.routes.predict INFO predict timings (s): prep=0.874 face=0.125 pose=0.022 heatmap=0.613 explain=0.110 total=1.769
2026-09-26 23:01:48,620 app.api.routes.predict INFO predict timings (s): prep=0.805 face=0.094 pose=0.023 heatmap=0.571 explain=0.089 total=1.604
2026-09-26 23:01:50,276 app.api.routes.predict INFO predict timings (s): prep=0.866 face=0.093 pose=0.020 heatmap=0.592 explain=0.062 total=1.650
2026-09-26 23:01:52,044 app.api.routes.predict INFO predict timings (s): prep=0.874 face=0.150 pose=0.022 heatmap=0.625 explain=0.068 total=1.752
2026-09-26 23:01:53,631 app.api.routes.predict INFO predict timings (s): prep=0.801 face=0.139 pose=0.019 heatmap=0.541 explain=0.066 total=1.581
2026-09-26 23:01:55,503 app.api.routes.predict INFO predict timings (s): prep=0.929 face=0.152 pose=0.021 heatmap=0.629 explain=0.105 total=1.853
2026-09-26 23:01:57,093 app.api.routes.predict INFO predict timings (s): prep=0.786 face=0.102 pose=0.023 heatmap=0.564 explain=0.082 total=1.586
2026-09-26 23:01:58,770 app.api.routes.predict INFO predict timings (s): prep=0.804 face=0.125 pose=0.023 heatmap=0.614 explain=0.072 total=1.661
2026-09-26 23:02:00,426 app.api.routes.predict INFO predict timings (s): prep=0.822 face=0.123 pose=0.010 heatmap=0.578 explain=0.081 total=1.638
2026-09-26 23:02:02,262 app.api.routes.predict INFO predict timings (s): prep=0.882 face=0.167 pose=0.022 heatmap=0.616 explain=0.095 total=1.813
2026-09-26 23:02:03,969 app.api.routes.predict INFO predict timings (s): prep=0.828 face=0.132 pose=0.022 heatmap=0.615 explain=0.072 total=1.689
2026-09-26 23:02:05,605 app.api.routes.predict INFO predict timings (s): prep=0.829 face=0.107 pose=0.012 heatmap=0.574 explain=0.059 total=1.607
2026-09-26 23:02:07,274 app.api.routes.predict INFO predict timings (s): prep=0.836 face=0.097 pose=0.018 heatmap=0.616 explain=0.064 total=1.652
2026-09-26 23:02:08,958 app.api.routes.predict INFO predict timings (s): prep=0.884 face=0.090 pose=0.009 heatmap=0.578 explain=0.089 total=1.672
2026-09-26 23:02:10,581 app.api.routes.predict INFO predict timings (s): prep=0.805 face=0.092 pose=0.010 heatmap=0.586 explain=0.065 total=1.581
2026-09-26 23:02:12,304 app.api.routes.predict INFO predict timings (s): prep=0.908 face=0.088 pose=0.010 heatmap=0.620 explain=0.072 total=1.712
2026-09-26 23:02:14,099 app.api.routes.predict INFO predict timings (s): prep=0.864 face=0.131 pose=0.022 heatmap=0.628 explain=0.103 total=1.773
2026-09-26 23:02:15,674 app.api.routes.predict INFO predict timings (s): prep=0.783 face=0.117 pose=0.017 heatmap=0.530 explain=0.066 total=1.541
2026-09-26 23:02:17,298 app.api.routes.predict INFO predict timings (s): prep=0.850 face=0.084 pose=0.010 heatmap=0.553 explain=0.088 total=1.607
2026-09-26 23:02:18,905 app.api.routes.predict INFO predict timings (s): prep=0.943 face=0.088 pose=0.030 heatmap=0.464 explain=0.070 total=1.611
2026-09-26 23:02:20,490 app.api.routes.predict INFO predict timings (s): prep=0.837 face=0.101 pose=0.010 heatmap=0.538 explain=0.066 total=1.570
2026-09-26 23:02:21,907 app.api.routes.predict INFO predict timings (s): prep=0.783 face=0.093 pose=0.010 heatmap=0.432 explain=0.068 total=1.402
2026-09-26 23:02:23,778 app.api.routes.predict INFO predict timings (s): prep=1.044 face=0.163 pose=0.020 heatmap=0.520 explain=0.089 total=1.859
2026-09-26 23:02:25,440 app.api.routes.predict INFO predict timings (s): prep=0.954 face=0.114 pose=0.018 heatmap=0.469 explain=0.085 total=1.653
2026-09-26 23:02:27,081 app.api.routes.predict INFO predict timings (s): prep=0.843 face=0.092 pose=0.010 heatmap=0.597 explain=0.066 total=1.629
2026-09-26 23:02:28,670 app.api.routes.predict INFO predict timings (s): prep=0.775 face=0.091 pose=0.024 heatmap=0.606 explain=0.066 total=1.576
2026-09-26 23:02:30,339 app.api.routes.predict INFO predict timings (s): prep=0.811 face=0.122 pose=0.020 heatmap=0.624 explain=0.066 total=1.662
2026-09-26 23:02:32,072 app.api.routes.predict INFO predict timings (s): prep=0.848 face=0.099 pose=0.029 heatmap=0.604 explain=0.112 total=1.716
2026-09-26 23:02:33,753 app.api.routes.predict INFO predict timings (s): prep=0.794 face=0.090 pose=0.022 heatmap=0.609 explain=0.129 total=1.667
2026-09-26 23:02:35,389 app.api.routes.predict INFO predict timings (s): prep=0.854 face=0.094 pose=0.010 heatmap=0.582 explain=0.063 total=1.625
2026-09-26 23:02:36,979 app.api.routes.predict INFO predict timings (s): prep=0.826 face=0.114 pose=0.010 heatmap=0.521 explain=0.088 total=1.578
2026-09-26 23:02:38,612 app.api.routes.predict INFO predict timings (s): prep=0.800 face=0.104 pose=0.022 heatmap=0.616 explain=0.064 total=1.622
2026-09-26 23:02:40,328 app.api.routes.predict INFO predict timings (s): prep=0.819 face=0.095 pose=0.018 heatmap=0.622 explain=0.119 total=1.698
2026-09-26 23:02:42,007 app.api.routes.predict INFO predict timings (s): prep=0.837 face=0.090 pose=0.018 heatmap=0.619 explain=0.068 total=1.657
2026-09-26 23:02:43,580 app.api.routes.predict INFO predict timings (s): prep=0.766 face=0.095 pose=0.022 heatmap=0.597 explain=0.066 total=1.559
2026-09-26 23:02:45,325 app.api.routes.predict INFO predict timings (s): prep=0.888 face=0.122 pose=0.010 heatmap=0.597 explain=0.071 total=1.712
2026-09-26 23:02:46,959 app.api.routes.predict INFO predict timings (s): prep=0.780 face=0.120 pose=0.027 heatmap=0.604 explain=0.082 total=1.631
2026-09-26 23:02:48,640 app.api.routes.predict INFO predict timings (s): prep=0.795 face=0.105 pose=0.015 heatmap=0.639 explain=0.073 total=1.651
2026-09-26 23:02:50,376 app.api.routes.predict INFO predict timings (s): prep=0.864 face=0.099 pose=0.009 heatmap=0.581 explain=0.124 total=1.701
2026-09-26 23:02:52,016 app.api.routes.predict INFO predict timings (s): prep=0.772 face=0.106 pose=0.015 heatmap=0.617 explain=0.063 total=1.608
2026-09-26 23:02:53,619 app.api.routes.predict INFO predict timings (s): prep=0.789 face=0.093 pose=0.020 heatmap=0.616 explain=0.065 total=1.597
2026-09-26 23:02:55,245 app.api.routes.predict INFO predict timings (s): prep=0.755 face=0.132 pose=0.022 heatmap=0.612 explain=0.064 total=1.598
2026-09-26 23:02:56,952 app.api.routes.predict INFO predict timings (s): prep=0.837 face=0.105 pose=0.021 heatmap=0.620 explain=0.068 total=1.671
2026-09-26 23:02:58,585 app.api.routes.predict INFO predict timings (s): prep=0.823 face=0.087 pose=0.015 heatmap=0.594 explain=0.077 total=1.616
2026-09-26 23:03:00,145 app.api.routes.predict INFO predict timings (s): prep=0.784 face=0.084 pose=0.011 heatmap=0.578 explain=0.078 total=1.550
2026-09-26 23:03:01,835 app.api.routes.predict INFO predict timings (s): prep=0.793 face=0.115 pose=0.019 heatmap=0.627 explain=0.087 total=1.662
2026-09-26 23:03:03,467 app.api.routes.predict INFO predict timings (s): prep=0.808 face=0.108 pose=0.017 heatmap=0.589 explain=0.064 total=1.607
2026-09-26 23:03:05,113 app.api.routes.predict INFO predict timings (s): prep=0.802 face=0.089 pose=0.022 heatmap=0.605 explain=0.084 total=1.623
2026-09-26 23:03:06,659 app.api.routes.predict INFO predict timings (s): prep=0.812 face=0.089 pose=0.009 heatmap=0.536 explain=0.069 total=1.535
2026-09-26 23:03:08,308 app.api.routes.predict INFO predict timings (s): prep=0.809 face=0.139 pose=0.011 heatmap=0.601 explain=0.067 total=1.641
2026-09-26 23:03:09,976 app.api.routes.predict INFO predict timings (s): prep=0.821 face=0.101 pose=0.011 heatmap=0.598 explain=0.104 total=1.652
2026-09-26 23:03:11,578 app.api.routes.predict INFO predict timings (s): prep=0.784 face=0.096 pose=0.016 heatmap=0.581 explain=0.082 total=1.583
2026-09-26 23:03:13,180 app.api.routes.predict INFO predict timings (s): prep=0.830 face=0.089 pose=0.010 heatmap=0.574 explain=0.063 total=1.589
2026-09-26 23:03:14,848 app.api.routes.predict INFO predict timings (s): prep=0.834 face=0.092 pose=0.014 heatmap=0.602 explain=0.065 total=1.633
2026-09-26 23:03:16,428 app.api.routes.predict INFO predict timings (s): prep=0.769 face=0.090 pose=0.021 heatmap=0.566 explain=0.089 total=1.564
2026-09-26 23:03:18,066 app.api.routes.predict INFO predict timings (s): prep=0.781 face=0.094 pose=0.021 heatmap=0.633 explain=0.064 total=1.610
2026-09-26 23:03:19,728 app.api.routes.predict INFO predict timings (s): prep=0.789 face=0.096 pose=0.023 heatmap=0.624 explain=0.069 total=1.631
2026-09-26 23:03:21,311 app.api.routes.predict INFO predict timings (s): prep=0.769 face=0.091 pose=0.018 heatmap=0.584 explain=0.070 total=1.561
2026-09-26 23:03:22,972 app.api.routes.predict INFO predict timings (s): prep=0.793 face=0.109 pose=0.021 heatmap=0.625 explain=0.074 total=1.643
2026-09-26 23:03:24,521 app.api.routes.predict INFO predict timings (s): prep=0.782 face=0.089 pose=0.010 heatmap=0.514 explain=0.117 total=1.532
2026-09-26 23:03:26,034 app.api.routes.predict INFO predict timings (s): prep=0.777 face=0.093 pose=0.018 heatmap=0.514 explain=0.067 total=1.490
2026-09-26 23:03:27,638 app.api.routes.predict INFO predict timings (s): prep=0.781 face=0.088 pose=0.018 heatmap=0.593 explain=0.104 total=1.598
2026-09-26 23:03:29,258 app.api.routes.predict INFO predict timings (s): prep=0.790 face=0.086 pose=0.020 heatmap=0.605 explain=0.065 total=1.591
2026-09-26 23:03:30,912 app.api.routes.predict INFO predict timings (s): prep=0.799 face=0.112 pose=0.022 heatmap=0.605 explain=0.072 total=1.633
2026-09-26 23:03:32,405 app.api.routes.predict INFO predict timings (s): prep=0.812 face=0.085 pose=0.010 heatmap=0.478 explain=0.062 total=1.471
2026-09-26 23:03:34,047 app.api.routes.predict INFO predict timings (s): prep=0.800 face=0.088 pose=0.012 heatmap=0.605 explain=0.089 total=1.613
2026-09-26 23:03:35,606 app.api.routes.predict INFO predict timings (s): prep=0.792 face=0.087 pose=0.009 heatmap=0.563 explain=0.069 total=1.537
