2026-09-26 22:58:54,495 uvicorn.error INFO Started server process [22192]
2026-09-26 22:58:54,495 uvicorn.error INFO Waiting for application startup.
2026-09-26 22:59:02,388 app.api.routes.predict INFO predict timings (s): prep=0.950 face=1.207 pose=0.016 heatmap=0.940 explain=0.085 total=3.207
2026-09-26 22:59:02,388 uvicorn.error INFO Warm-up prediction took 3.2 s
2026-09-26 22:59:02,388 uvicorn.error INFO Application startup complete.
2026-09-26 22:59:02,388 uvicorn.error INFO Uvicorn running on http://127.0.0.1:8002 (Press CTRL+C to quit)
2026-09-26 22:59:04,256 app.api.routes.predict INFO predict timings (s): prep=0.833 face=0.146 pose=0.037 heatmap=0.567 explain=0.070 total=1.675
2026-09-26 22:59:05,890 app.api.routes.predict INFO predict timings (s): prep=0.803 face=0.095 pose=0.020 heatmap=0.552 explain=0.106 total=1.600
2026-09-26 22:59:07,531 app.api.routes.predict INFO predict timings (s): prep=0.796 face=0.102 pose=0.018 heatmap=0.621 explain=0.064 total=1.624
2026-09-26 22:59:09,124 app.api.routes.predict INFO predict timings (s): prep=0.783 face=0.088 pose=0.018 heatmap=0.602 explain=0.076 total=1.580
2026-09-26 22:59:10,720 app.api.routes.predict INFO predict timings (s): prep=0.808 face=0.088 pose=0.016 heatmap=0.567 explain=0.077 total=1.579
2026-09-26 22:59:12,373 app.api.routes.predict INFO predict timings (s): prep=0.800 face=0.109 pose=0.011 heatmap=0.605 explain=0.078 total=1.624
2026-09-26 22:59:13,880 app.api.routes.predict INFO predict timings (s): prep=0.867 face=0.134 pose=0.026 heatmap=0.411 explain=0.056 total=1.508
2026-09-26 22:59:15,406 app.api.routes.predict INFO predict timings (s): prep=0.863 face=0.116 pose=0.021 heatmap=0.429 explain=0.074 total=1.519
2026-09-26 22:59:17,184 app.api.routes.predict INFO predict timings (s): prep=0.939 face=0.100 pose=0.023 heatmap=0.610 explain=0.073 total=1.763
2026-09-26 22:59:18,774 app.api.routes.predict INFO predict timings (s): prep=0.772 face=0.118 pose=0.020 heatmap=0.532 explain=0.112 total=1.575
2026-09-26 22:59:20,480 app.api.routes.predict INFO predict timings (s): prep=0.885 face=0.099 pose=0.023 heatmap=0.594 explain=0.069 total=1.689
2026-09-26 22:59:22,187 app.api.routes.predict INFO predict timings (s): prep=0.841 face=0.118 pose=0.020 heatmap=0.578 explain=0.112 total=1.693
2026-09-26 22:59:23,920 app.api.routes.predict INFO predict timings (s): prep=0.821 face=0.157 pose=0.033 heatmap=0.624 explain=0.063 total=1.724
2026-09-26 22:59:25,964 app.api.routes.predict INFO predict timings (s): prep=0.856 face=0.211 pose=0.029 heatmap=0.778 explain=0.136 total=2.036
2026-09-26 22:59:27,711 app.api.routes.predict INFO predict timings (s): prep=0.969 face=0.132 pose=0.013 heatmap=0.531 explain=0.074 total=1.741
2026-09-26 22:59:29,473 app.api.routes.predict INFO predict timings (s): prep=0.826 face=0.171 pose=0.028 heatmap=0.578 explain=0.110 total=1.735
2026-09-26 22:59:31,207 app.api.routes.predict INFO predict timings (s): prep=0.879 face=0.120 pose=0.027 heatmap=0.591 explain=0.089 total=1.728
2026-09-26 22:59:32,770 app.api.routes.predict INFO predict timings (s): prep=0.828 face=0.214 pose=0.013 heatmap=0.383 explain=0.098 total=1.558
2026-09-26 22:59:34,448 app.api.routes.predict INFO predict timings (s): prep=0.862 face=0.126 pose=0.010 heatmap=0.593 explain=0.067 total=1.675
2026-09-26 22:59:36,135 app.api.routes.predict INFO predict timings (s): prep=0.831 face=0.124 pose=0.016 heatmap=0.612 explain=0.067 total=1.670
2026-09-26 22:59:37,930 app.api.routes.predict INFO predict timings (s): prep=0.869 face=0.142 pose=0.010 heatmap=0.605 explain=0.123 total=1.777
2026-09-26 22:59:39,632 app.api.routes.predict INFO predict timings (s): prep=0.866 face=0.141 pose=0.020 heatmap=0.522 explain=0.112 total=1.690
2026-09-26 22:59:40,820 app.api.routes.predict INFO predict timings (s): prep=0.765 face=0.073 pose=0.008 heatmap=0.251 explain=0.050 total=1.169
2026-09-26 22:59:42,131 app.api.routes.predict INFO predict timings (s): prep=0.619 face=0.086 pose=0.009 heatmap=0.499 explain=0.051 total=1.278
2026-09-26 22:59:43,229 app.api.routes.predict INFO predict timings (s): prep=0.601 face=0.086 pose=0.009 heatmap=0.308 explain=0.053 total=1.071
2026-09-26 22:59:44,249 app.api.routes.predict INFO predict timings (s): prep=0.615 face=0.073 pose=0.009 heatmap=0.245 explain=0.047 total=1.002
2026-09-26 22:59:45,266 app.api.routes.predict INFO predict timings (s): prep=0.545 face=0.078 pose=0.009 heatmap=0.288 explain=0.053 total=0.988
2026-09-26 22:59:46,294 app.api.routes.predict INFO predict timings (s): prep=0.609 face=0.073 pose=0.009 heatmap=0.249 explain=0.050 total=1.003
2026-09-26 22:59:47,448 app.api.routes.predict INFO predict timings (s): prep=0.652 face=0.084 pose=0.014 heatmap=0.323 explain=0.051 total=1.137
2026-09-26 22:59:48,609 app.api.routes.predict INFO predict timings (s): prep=0.695 face=0.083 pose=0.019 heatmap=0.296 explain=0.048 total=1.155
2026-09-26 22:59:49,664 app.api.routes.predict INFO predict timings (s): prep=0.622 face=0.072 pose=0.009 heatmap=0.265 explain=0.053 total=1.034
2026-09-26 22:59:50,714 app.api.routes.predict INFO predict timings (s): prep=0.608 face=0.076 pose=0.008 heatmap=0.286 explain=0.052 total=1.044
2026-09-26 22:59:51,762 app.api.routes.predict INFO predict timings (s): prep=0.626 face=0.075 pose=0.009 heatmap=0.251 explain=0.054 total=1.028
2026-09-26 22:59:52,776 app.api.routes.predict INFO predict timings (s): prep=0.601 face=0.072 pose=0.009 heatmap=0.248 explain=0.054 total=0.996
2026-09-26 22:59:53,851 app.api.routes.predict INFO predict timings (s): prep=0.579 face=0.083 pose=0.009 heatmap=0.295 explain=0.094 total=1.071
2026-09-26 22:59:55,528 app.api.routes.predict INFO predict timings (s): prep=0.860 face=0.093 pose=0.014 heatmap=0.585 explain=0.081 total=1.652
2026-09-26 22:59:57,199 app.api.routes.predict INFO predict timings (s): prep=0.791 face=0.171 pose=0.010 heatmap=0.585 explain=0.090 total=1.661
2026-09-26 22:59:58,877 app.api.routes.predict INFO predict timings (s): prep=0.862 face=0.092 pose=0.010 heatmap=0.567 explain=0.119 total=1.677
2026-09-26 23:00:00,568 app.api.routes.predict INFO predict timings (s): prep=0.861 face=0.102 pose=0.022 heatmap=0.587 explain=0.068 total=1.664
2026-09-26 23:00:02,194 app.api.routes.predict INFO predict timings (s): prep=0.790 face=0.126 pose=0.021 heatmap=0.597 explain=0.074 total=1.622
2026-09-26 23:00:03,969 app.api.routes.predict INFO predict timings (s): prep=0.935 face=0.098 pose=0.021 heatmap=0.618 explain=0.079 total=1.767
2026-09-26 23:00:05,634 app.api.routes.predict INFO predict timings (s): prep=0.808 face=0.116 pose=0.017 heatmap=0.615 explain=0.065 total=1.643
2026-09-26 23:00:07,273 app.api.routes.predict INFO predict timings (s): prep=0.792 face=0.101 pose=0.022 heatmap=0.610 explain=0.106 total=1.646
2026-09-26 23:00:09,064 app.api.routes.predict INFO predict timings (s): prep=0.914 face=0.096 pose=0.023 heatmap=0.618 explain=0.067 total=1.742
2026-09-26 23:00:10,804 app.api.routes.predict INFO predict timings (s): prep=0.856 face=0.143 pose=0.021 heatmap=0.614 explain=0.066 total=1.719
2026-09-26 23:00:12,364 app.api.routes.predict INFO predict timings (s): prep=0.856 face=0.103 pose=0.011 heatmap=0.512 explain=0.058 total=1.561
2026-09-26 23:00:13,998 app.api.routes.predict INFO predict timings (s): prep=0.846 face=0.147 pose=0.017 heatmap=0.513 explain=0.071 total=1.621
2026-09-26 23:00:15,585 app.api.routes.predict INFO predict timings (s): prep=0.848 face=0.123 pose=0.020 heatmap=0.479 explain=0.063 total=1.563
2026-09-26 23:00:17,286 app.api.routes.predict INFO predict timings (s): prep=0.875 face=0.096 pose=0.022 heatmap=0.577 explain=0.081 total=1.674
2026-09-26 23:00:19,000 app.api.routes.predict INFO predict timings (s): prep=0.872 face=0.168 pose=0.011 heatmap=0.537 explain=0.058 total=1.688
2026-09-26 23:00:20,614 app.api.routes.predict INFO predict timings (s): prep=0.816 face=0.085 pose=0.013 heatmap=0.568 explain=0.085 total=1.591
2026-09-26 23:00:22,308 app.api.routes.predict INFO predict timings (s): prep=0.856 face=0.113 pose=0.020 heatmap=0.590 explain=0.081 total=1.683
2026-09-26 23:00:23,993 app.api.routes.predict INFO predict timings (s): prep=0.851 face=0.093 pose=0.021 heatmap=0.611 explain=0.061 total=1.659
2026-09-26 23:00:25,558 app.api.routes.predict INFO predict timings (s): prep=0.813 face=0.106 pose=0.028 heatmap=0.496 explain=0.098 total=1.559
2026-09-26 23:00:27,171 app.api.routes.predict INFO predict timings (s): prep=0.776 face=0.153 pose=0.025 heatmap=0.514 explain=0.129 total=1.611
2026-09-26 23:00:28,925 app.api.routes.predict INFO predict timings (s): prep=0.808 face=0.130 pose=0.023 heatmap=0.639 explain=0.109 total=1.730
2026-09-26 23:00:30,619 app.api.routes.predict INFO predict timings (s): prep=0.856 face=0.094 pose=0.017 heatmap=0.609 explain=0.069 total=1.666
2026-09-26 23:00:32,125 app.api.routes.predict INFO predict timings (s): prep=0.865 face=0.096 pose=0.013 heatmap=0.443 explain=0.077 total=1.507
2026-09-26 23:00:33,806 app.api.routes.predict INFO predict timings (s): prep=0.851 face=0.160 pose=0.023 heatmap=0.532 explain=0.089 total=1.678
2026-09-26 23:00:35,531 app.api.routes.predict INFO predict timings (s): prep=0.910 face=0.148 pose=0.022 heatmap=0.507 explain=0.081 total=1.694
2026-09-26 23:00:37,063 app.api.routes.predict INFO predict timings (s): prep=0.833 face=0.133 pose=0.022 heatmap=0.451 explain=0.060 total=1.527
2026-09-26 23:00:38,699 app.api.routes.predict INFO predict timings (s): prep=0.988 face=0.133 pose=0.010 heatmap=0.411 explain=0.058 total=1.623
2026-09-26 23:00:40,208 app.api.routes.predict INFO predict timings (s): prep=0.859 face=0.147 pose=0.012 heatmap=0.392 explain=0.059 total=1.498
2026-09-26 23:00:41,737 app.api.routes.predict INFO predict timings (s): prep=0.827 face=0.152 pose=0.011 heatmap=0.417 explain=0.078 total=1.511
2026-09-26 23:00:43,336 app.api.routes.predict INFO predict timings (s): prep=0.878 face=0.157 pose=0.018 heatmap=0.414 explain=0.071 total=1.574
2026-09-26 23:00:45,000 app.api.routes.predict INFO predict timings (s): prep=0.913 face=0.184 pose=0.023 heatmap=0.439 explain=0.071 total=1.648
2026-09-26 23:00:46,589 app.api.routes.predict INFO predict timings (s): prep=0.833 face=0.120 pose=0.011 heatmap=0.501 explain=0.083 total=1.574
2026-09-26 23:00:48,178 app.api.routes.predict INFO predict timings (s): prep=0.837 face=0.102 pose=0.019 heatmap=0.498 explain=0.099 total=1.573
2026-09-26 23:00:49,655 app.api.routes.predict INFO predict timings (s): prep=0.818 face=0.095 pose=0.014 heatmap=0.422 explain=0.087 total=1.459
2026-09-26 23:00:51,395 app.api.routes.predict INFO predict timings (s): prep=0.951 face=0.158 pose=0.010 heatmap=0.521 explain=0.078 total=1.737
2026-09-26 23:00:52,913 app.api.routes.predict INFO predict timings (s): prep=0.802 face=0.102 pose=0.014 heatmap=0.497 explain=0.072 total=1.507
2026-09-26 23:00:54,542 app.api.routes.predict INFO predict timings (s): prep=0.889 face=0.110 pose=0.021 heatmap=0.502 explain=0.073 total=1.616
2026-09-26 23:00:56,184 app.api.routes.predict INFO predict timings (s): prep=0.810 face=0.103 pose=0.022 heatmap=0.603 explain=0.067 total=1.627
2026-09-26 23:00:57,797 app.api.routes.predict INFO predict timings (s): prep=0.793 face=0.084 pose=0.020 heatmap=0.611 explain=0.088 total=1.618
2026-09-26 23:00:59,499 app.api.routes.predict INFO predict timings (s): prep=0.853 face=0.095 pose=0.014 heatmap=0.609 explain=0.083 total=1.676
2026-09-26 23:01:01,128 app.api.routes.predict INFO predict timings (s): prep=0.771 face=0.103 pose=0.021 heatmap=0.609 explain=0.091 total=1.620
2026-09-26 23:01:02,744 app.api.routes.predict INFO predict timings (s): prep=0.792 face=0.153 pose=0.030 heatmap=0.524 explain=0.074 total=1.596
